<?xml version="1.0" encoding="utf-8"?><testsuites name="pytest tests"><testsuite name="pytest" errors="0" failures="0" skipped="0" tests="218" time="23.461" timestamp="2026-05-30T14:44:18.566501+02:00" hostname="FORM-CPZVRQ3"><testcase classname="tests.flatbuffer.test_parse_write" name="test_parse_write_idempotent[cnn_tflite_path]" time="0.580" /><testcase classname="tests.flatbuffer.test_parse_write" name="test_parse_write_idempotent[mlp_tflite_path]" time="0.211" /><testcase classname="tests.flatbuffer.test_parse_write" name="test_parse_write_idempotent[cnn_skip_tflite_path]" time="0.294" /><testcase classname="tests.flatbuffer.test_parse_write" name="test_parse_write_idempotent[efficientnet_tflite_path]" time="10.108" /><testcase classname="tests.quantization.test_fake_quant" name="test__quantize_dequantize_roundtrip" time="0.001" /><testcase classname="tests.quantization.test_fake_quant" name="test__fake_quantize_ste_gradient" time="0.029" /><testcase classname="tests.quantization.test_fake_quant" name="test__fake_quantize_layer" time="0.004" /><testcase classname="tests.quantization.test_fake_quant" name="test__layer_get_config" time="0.002" /><testcase classname="tests.flatbuffer.test_parser.TestParseTfliteOperators" name="test__operator_input_output_indices_are_valid" time="0.151" /><testcase classname="tests.flatbuffer.test_parser.TestParseTfliteOperators" name="test__dense_model_has_fully_connected_op" time="0.148" /><testcase classname="tests.flatbuffer.test_parser.TestParseTfliteOperators" name="test__float_io_model_has_quantize_dequantize_ops" time="0.137" /><testcase classname="tests.flatbuffer.test_parser.TestParseTfliteOperators" name="test__operator_options_is_dict" time="0.152" /><testcase classname="tests.flatbuffer.test_parser.TestParseTfliteTensors" name="test__tensor_dtypes_are_valid" time="0.131" /><testcase classname="tests.flatbuffer.test_parser.TestParseTfliteTensors" name="test__tensor_shapes_are_tuples" time="0.137" /><testcase classname="tests.flatbuffer.test_parser.TestParseTfliteTensors" name="test__tensor_indices_are_sequential" time="0.135" /><testcase classname="tests.flatbuffer.test_parser.TestParseTfliteTensors" name="test__activation_tensor_has_no_data" time="0.138" /><testcase classname="tests.flatbuffer.test_parser.TestParseTfliteTensors" name="test__tensor_names_are_strings" time="0.136" /><testcase classname="tests.flatbuffer.test_parser.TestParseTfliteTensors" name="test__weight_data_shape_matches_tensor_shape" time="0.130" /><testcase classname="tests.flatbuffer.test_parser.TestParseTfliteTensors" name="test__weight_tensor_has_data" time="0.136" /><testcase classname="tests.flatbuffer.test_parser.TestParseTfliteQuantization" name="test__int8_tensors_have_quantization_params" time="0.135" /><testcase classname="tests.flatbuffer.test_parser.TestParseTfliteQuantization" name="test__per_tensor_quantization_has_single_scale" time="0.138" /><testcase classname="tests.flatbuffer.test_parser.TestParseTfliteQuantization" name="test__quantization_zero_points_are_int32" time="0.140" /><testcase classname="tests.flatbuffer.test_parser.TestParseTfliteQuantization" name="test__quantization_scales_are_positive" time="0.139" /><testcase classname="tests.flatbuffer.test_parser.TestBuiltinOptionsMap" name="test__builtin_options_map_contains_entry[Conv3DOptions]" time="0.001" /><testcase classname="tests.flatbuffer.test_parser.TestBuiltinOptionsMap" name="test__builtin_options_map_contains_entry[TransposeOptions]" time="0.000" /><testcase classname="tests.flatbuffer.test_parser.TestBuiltinOptionsMap" name="test__builtin_options_map_contains_entry[ExpandDimsOptions]" time="0.000" /><testcase classname="tests.flatbuffer.test_parser.TestBuiltinOptionsMap" name="test__builtin_options_map_contains_entry[GatherOptions]" time="0.000" /><testcase classname="tests.flatbuffer.test_parser.TestBuiltinOptionsMap" name="test__builtin_options_map_contains_entry[PadOptions]" time="0.000" /><testcase classname="tests.flatbuffer.test_parser.TestBuiltinOptionsMap" name="test__builtin_options_map_contains_entry[TileOptions]" time="0.000" /><testcase classname="tests.flatbuffer.test_parser.TestBuiltinOptionsMap" name="test__builtin_options_map_contains_entry[Pool2DOptions]" time="0.000" /><testcase classname="tests.flatbuffer.test_parser.TestBuiltinOptionsMap" name="test__builtin_options_map_contains_entry[GatherNdOptions]" time="0.000" /><testcase classname="tests.flatbuffer.test_parser.TestBuiltinOptionsMap" name="test__builtin_options_map_contains_entry[PadV2Options]" time="0.000" /><testcase classname="tests.flatbuffer.test_parser.TestBuiltinOptionsMap" name="test__builtin_options_map_contains_entry[LeakyReluOptions]" time="0.000" /><testcase classname="tests.flatbuffer.test_parser.TestBuiltinOptionsMap" name="test__builtin_options_map_contains_entry[FullyConnectedOptions]" time="0.000" /><testcase classname="tests.flatbuffer.test_parser.TestBuiltinOptionsMap" name="test__builtin_options_map_contains_entry[ArgMinOptions]" time="0.000" /><testcase classname="tests.flatbuffer.test_parser.TestBuiltinOptionsMap" name="test__builtin_options_map_contains_entry[SliceOptions]" time="0.000" /><testcase classname="tests.flatbuffer.test_parser.TestBuiltinOptionsMap" name="test__builtin_options_map_contains_entry[SpaceToDepthOptions]" time="0.000" /><testcase classname="tests.flatbuffer.test_parser.TestBuiltinOptionsMap" name="test__builtin_options_map_contains_entry[FakeQuantOptions]" time="0.000" /><testcase classname="tests.flatbuffer.test_parser.TestBuiltinOptionsMap" name="test__builtin_options_map_contains_entry[QuantizeOptions]" time="0.000" /><testcase classname="tests.flatbuffer.test_parser.TestBuiltinOptionsMap" name="test__builtin_options_map_contains_entry[StridedSliceOptions]" time="0.000" /><testcase classname="tests.flatbuffer.test_parser.TestBuiltinOptionsMap" name="test__builtin_options_map_does_not_contain_none" time="0.000" /><testcase classname="tests.flatbuffer.test_parser.TestBuiltinOptionsMap" name="test__builtin_options_map_contains_entry[TransposeConvOptions]" time="0.001" /><testcase classname="tests.flatbuffer.test_parser.TestBuiltinOptionsMap" name="test__builtin_options_map_contains_entry[ResizeNearestNeighborOptions]" time="0.000" /><testcase classname="tests.flatbuffer.test_parser.TestBuiltinOptionsMap" name="test__builtin_options_map_contains_entry[ReshapeOptions]" time="0.000" /><testcase classname="tests.flatbuffer.test_parser.TestBuiltinOptionsMap" name="test__builtin_options_map_contains_entry[DepthToSpaceOptions]" time="0.000" /><testcase classname="tests.flatbuffer.test_parser.TestBuiltinOptionsMap" name="test__builtin_options_map_contains_entry[BatchMatMulOptions]" time="0.000" /><testcase classname="tests.flatbuffer.test_parser.TestBuiltinOptionsMap" name="test__builtin_options_map_contains_entry[CastOptions]" time="0.000" /><testcase classname="tests.flatbuffer.test_parser.TestBuiltinOptionsMap" name="test__builtin_options_map_contains_entry[L2NormOptions]" time="0.001" /><testcase classname="tests.flatbuffer.test_parser.TestBuiltinOptionsMap" name="test__builtin_options_map_contains_entry[ReducerOptions]" time="0.000" /><testcase classname="tests.flatbuffer.test_parser.TestBuiltinOptionsMap" name="test__builtin_options_map_contains_entry[ResizeBilinearOptions]" time="0.001" /><testcase classname="tests.flatbuffer.test_parser.TestBuiltinOptionsMap" name="test__builtin_options_map_contains_entry[DivOptions]" time="0.001" /><testcase classname="tests.flatbuffer.test_parser.TestBuiltinOptionsMap" name="test__builtin_options_map_contains_entry[MirrorPadOptions]" time="0.000" /><testcase classname="tests.flatbuffer.test_parser.TestBuiltinOptionsMap" name="test__builtin_options_map_contains_entry[SplitOptions]" time="0.000" /><testcase classname="tests.flatbuffer.test_parser.TestBuiltinOptionsMap" name="test__builtin_options_map_contains_entry[AddOptions]" time="0.000" /><testcase classname="tests.flatbuffer.test_parser.TestBuiltinOptionsMap" name="test__builtin_options_map_contains_entry[DepthwiseConv2DOptions]" time="0.000" /><testcase classname="tests.flatbuffer.test_parser.TestBuiltinOptionsMap" name="test__builtin_options_map_contains_entry[PackOptions]" time="0.000" /><testcase classname="tests.flatbuffer.test_parser.TestBuiltinOptionsMap" name="test__builtin_options_map_contains_entry[ConcatenationOptions]" time="0.000" /><testcase classname="tests.flatbuffer.test_parser.TestBuiltinOptionsMap" name="test__builtin_options_map_values_are_classes" time="0.000" /><testcase classname="tests.flatbuffer.test_parser.TestBuiltinOptionsMap" name="test__builtin_options_map_contains_entry[UnpackOptions]" time="0.000" /><testcase classname="tests.flatbuffer.test_parser.TestBuiltinOptionsMap" name="test__builtin_options_map_contains_entry[SpaceToBatchNDOptions]" time="0.000" /><testcase classname="tests.flatbuffer.test_parser.TestBuiltinOptionsMap" name="test__builtin_options_map_contains_entry[SoftmaxOptions]" time="0.001" /><testcase classname="tests.flatbuffer.test_parser.TestBuiltinOptionsMap" name="test__builtin_options_map_contains_entry[SubOptions]" time="0.000" /><testcase classname="tests.flatbuffer.test_parser.TestBuiltinOptionsMap" name="test__builtin_options_map_contains_entry[SqueezeOptions]" time="0.000" /><testcase classname="tests.flatbuffer.test_parser.TestBuiltinOptionsMap" name="test__builtin_options_map_contains_entry[SplitVOptions]" time="0.000" /><testcase classname="tests.flatbuffer.test_parser.TestBuiltinOptionsMap" name="test__builtin_options_map_contains_entry[Conv2DOptions]" time="0.000" /><testcase classname="tests.flatbuffer.test_parser.TestBuiltinOptionsMap" name="test__builtin_options_map_contains_entry[MaximumMinimumOptions]" time="0.000" /><testcase classname="tests.flatbuffer.test_parser.TestBuiltinOptionsMap" name="test__builtin_options_map_contains_entry[MulOptions]" time="0.000" /><testcase classname="tests.flatbuffer.test_parser.TestBuiltinOptionsMap" name="test__builtin_options_map_keys_are_ints" time="0.000" /><testcase classname="tests.flatbuffer.test_parser.TestBuiltinOptionsMap" name="test__builtin_options_map_contains_entry[ArgMaxOptions]" time="0.000" /><testcase classname="tests.flatbuffer.test_parser.TestBuiltinOptionsMap" name="test__builtin_options_map_contains_entry[DequantizeOptions]" time="0.000" /><testcase classname="tests.flatbuffer.test_parser.TestBuiltinOptionsMap" name="test__builtin_options_map_contains_entry[BatchToSpaceNDOptions]" time="0.001" /><testcase classname="tests.flatbuffer.test_parser.TestParseTfliteDeterminism" name="test__parsing_same_file_twice_gives_equal_graphs" time="0.144" /><testcase classname="tests.flatbuffer.test_parser.TestParseTfliteErrors" name="test__raises_on_invalid_flatbuffer" time="0.001" /><testcase classname="tests.flatbuffer.test_parser.TestParseTfliteErrors" name="test__raises_on_nonexistent_file" time="0.001" /><testcase classname="tests.flatbuffer.test_parser.TestTensorTypeMaps" name="test__get_numpy_dtype_returns_correct_dtype[float32]" time="0.000" /><testcase classname="tests.flatbuffer.test_parser.TestTensorTypeMaps" name="test__numpy_dtype_map_contains_entry[int32]" time="0.000" /><testcase classname="tests.flatbuffer.test_parser.TestTensorTypeMaps" name="test__map_tensor_type_returns_correct_string[int32]" time="0.000" /><testcase classname="tests.flatbuffer.test_parser.TestTensorTypeMaps" name="test__numpy_dtype_map_contains_entry[int64]" time="0.001" /><testcase classname="tests.flatbuffer.test_parser.TestTensorTypeMaps" name="test__map_tensor_type_returns_correct_string[int64]" time="0.001" /><testcase classname="tests.flatbuffer.test_parser.TestTensorTypeMaps" name="test__numpy_dtype_map_contains_entry[int8]" time="0.000" /><testcase classname="tests.flatbuffer.test_parser.TestTensorTypeMaps" name="test__numpy_dtype_map_contains_entry[bool]" time="0.001" /><testcase classname="tests.flatbuffer.test_parser.TestTensorTypeMaps" name="test__get_numpy_dtype_returns_correct_dtype[float64]" time="0.001" /><testcase classname="tests.flatbuffer.test_parser.TestTensorTypeMaps" name="test__numpy_dtype_map_contains_entry[uint8]" time="0.001" /><testcase classname="tests.flatbuffer.test_parser.TestTensorTypeMaps" name="test__get_numpy_dtype_returns_correct_dtype[float16]" time="0.001" /><testcase classname="tests.flatbuffer.test_parser.TestTensorTypeMaps" name="test__map_tensor_type_returns_correct_string[uint8]" time="0.000" /><testcase classname="tests.flatbuffer.test_parser.TestTensorTypeMaps" name="test__map_tensor_type_returns_correct_string[int8]" time="0.000" /><testcase classname="tests.flatbuffer.test_parser.TestTensorTypeMaps" name="test__numpy_dtype_map_contains_entry[int16]" time="0.000" /><testcase classname="tests.flatbuffer.test_parser.TestTensorTypeMaps" name="test__map_tensor_type_raises_on_unsupported" time="0.000" /><testcase classname="tests.flatbuffer.test_parser.TestTensorTypeMaps" name="test__map_tensor_type_returns_correct_string[bool]" time="0.000" /><testcase classname="tests.flatbuffer.test_parser.TestTensorTypeMaps" name="test__map_tensor_type_returns_correct_string[int16]" time="0.000" /><testcase classname="tests.flatbuffer.test_parser.TestTensorTypeMaps" name="test__numpy_dtype_map_contains_entry[uint32]" time="0.000" /><testcase classname="tests.flatbuffer.test_parser.TestTensorTypeMaps" name="test__tensor_type_and_numpy_dtype_maps_have_same_keys" time="0.000" /><testcase classname="tests.flatbuffer.test_parser.TestTensorTypeMaps" name="test__tensor_type_map_contains_entry[uint64]" time="0.000" /><testcase classname="tests.flatbuffer.test_parser.TestTensorTypeMaps" name="test__map_tensor_type_returns_correct_string[float32]" time="0.001" /><testcase classname="tests.flatbuffer.test_parser.TestTensorTypeMaps" name="test__tensor_type_map_contains_entry[float64]" time="0.001" /><testcase classname="tests.flatbuffer.test_parser.TestTensorTypeMaps" name="test__get_numpy_dtype_returns_correct_dtype[int32]" time="0.000" /><testcase classname="tests.flatbuffer.test_parser.TestTensorTypeMaps" name="test__tensor_type_map_contains_entry[int64]" time="0.000" /><testcase classname="tests.flatbuffer.test_parser.TestTensorTypeMaps" name="test__map_tensor_type_returns_correct_string[uint64]" time="0.001" /><testcase classname="tests.flatbuffer.test_parser.TestTensorTypeMaps" name="test__get_numpy_dtype_returns_correct_dtype[uint32]" time="0.000" /><testcase classname="tests.flatbuffer.test_parser.TestTensorTypeMaps" name="test__numpy_dtype_map_contains_entry[float16]" time="0.000" /><testcase classname="tests.flatbuffer.test_parser.TestTensorTypeMaps" name="test__tensor_type_map_contains_entry[float16]" time="0.000" /><testcase classname="tests.flatbuffer.test_parser.TestTensorTypeMaps" name="test__numpy_dtype_map_contains_entry[float64]" time="0.000" /><testcase classname="tests.flatbuffer.test_parser.TestTensorTypeMaps" name="test__map_tensor_type_returns_correct_string[uint16]" time="0.001" /><testcase classname="tests.flatbuffer.test_parser.TestTensorTypeMaps" name="test__get_numpy_dtype_returns_correct_dtype[bool]" time="0.000" /><testcase classname="tests.flatbuffer.test_parser.TestTensorTypeMaps" name="test__get_numpy_dtype_returns_correct_dtype[int8]" time="0.000" /><testcase classname="tests.flatbuffer.test_parser.TestTensorTypeMaps" name="test__tensor_type_map_contains_entry[int16]" time="0.000" /><testcase classname="tests.flatbuffer.test_parser.TestTensorTypeMaps" name="test__tensor_type_map_contains_entry[bool]" time="0.000" /><testcase classname="tests.flatbuffer.test_parser.TestTensorTypeMaps" name="test__tensor_type_map_contains_entry[int8]" time="0.000" /><testcase classname="tests.flatbuffer.test_parser.TestTensorTypeMaps" name="test__tensor_type_map_contains_entry[uint16]" time="0.000" /><testcase classname="tests.flatbuffer.test_parser.TestTensorTypeMaps" name="test__tensor_type_map_contains_entry[uint8]" time="0.000" /><testcase classname="tests.flatbuffer.test_parser.TestTensorTypeMaps" name="test__tensor_type_map_contains_entry[float32]" time="0.000" /><testcase classname="tests.flatbuffer.test_parser.TestTensorTypeMaps" name="test__get_numpy_dtype_returns_correct_dtype[int64]" time="0.000" /><testcase classname="tests.flatbuffer.test_parser.TestTensorTypeMaps" name="test__tensor_type_map_contains_entry[int32]" time="0.000" /><testcase classname="tests.flatbuffer.test_parser.TestTensorTypeMaps" name="test__map_tensor_type_returns_correct_string[uint32]" time="0.000" /><testcase classname="tests.flatbuffer.test_parser.TestTensorTypeMaps" name="test__get_numpy_dtype_returns_correct_dtype[uint64]" time="0.001" /><testcase classname="tests.flatbuffer.test_parser.TestTensorTypeMaps" name="test__numpy_dtype_map_contains_entry[uint64]" time="0.000" /><testcase classname="tests.flatbuffer.test_parser.TestTensorTypeMaps" name="test__tensor_type_map_contains_entry[uint32]" time="0.001" /><testcase classname="tests.flatbuffer.test_parser.TestTensorTypeMaps" name="test__map_tensor_type_returns_correct_string[float64]" time="0.000" /><testcase classname="tests.flatbuffer.test_parser.TestTensorTypeMaps" name="test__get_numpy_dtype_returns_correct_dtype[uint8]" time="0.000" /><testcase classname="tests.flatbuffer.test_parser.TestTensorTypeMaps" name="test__numpy_dtype_map_contains_entry[uint16]" time="0.000" /><testcase classname="tests.flatbuffer.test_parser.TestTensorTypeMaps" name="test__map_tensor_type_returns_correct_string[float16]" time="0.000" /><testcase classname="tests.flatbuffer.test_parser.TestTensorTypeMaps" name="test__get_numpy_dtype_raises_on_unsupported" time="0.000" /><testcase classname="tests.flatbuffer.test_parser.TestTensorTypeMaps" name="test__get_numpy_dtype_returns_correct_dtype[int16]" time="0.000" /><testcase classname="tests.flatbuffer.test_parser.TestTensorTypeMaps" name="test__numpy_dtype_map_contains_entry[float32]" time="0.000" /><testcase classname="tests.flatbuffer.test_parser.TestTensorTypeMaps" name="test__get_numpy_dtype_returns_correct_dtype[uint16]" time="0.000" /><testcase classname="tests.flatbuffer.test_parser.TestParseTfliteDenseModelStructure" name="test__weight_shape_matches_dense_config" time="0.144" /><testcase classname="tests.flatbuffer.test_parser.TestParseTfliteDenseModelStructure" name="test__fully_connected_has_weight_and_bias_inputs" time="0.132" /><testcase classname="tests.flatbuffer.test_parser.TestParseTfliteDenseModelStructure" name="test__weight_tensor_is_int8" time="0.136" /><testcase classname="tests.flatbuffer.test_parser.TestParseTfliteDenseModelStructure" name="test__bias_tensor_is_int32" time="0.133" /><testcase classname="tests.flatbuffer.test_parser.TestParseTfliteBasic" name="test__tensors_are_non_empty" time="0.137" /><testcase classname="tests.flatbuffer.test_parser.TestParseTfliteBasic" name="test__preserves_raw_model_bytes" time="0.130" /><testcase classname="tests.flatbuffer.test_parser.TestParseTfliteBasic" name="test__operators_are_non_empty" time="0.133" /><testcase classname="tests.flatbuffer.test_parser.TestParseTfliteBasic" name="test__returns_graph_def" time="0.136" /><testcase classname="tests.flatbuffer.test_parser.TestParseTfliteBasic" name="test__has_input_and_output_indices" time="0.338" /><testcase classname="tests.flatbuffer.test_parser.TestParseTfliteBasic" name="test__accepts_pathlib_path" time="0.144" /><testcase classname="tests.flatbuffer.test_parser.TestParseTfliteBasic" name="test__accepts_string_path" time="0.141" /><testcase classname="tests.flatbuffer.test_parser.TestBuiltinOptionsParsing" name="test__fully_connected_options_parsed" time="0.147" /><testcase classname="tests.flatbuffer.test_parser.TestBuiltinOptionsParsing" name="test__no_activation_gives_zero_fused" time="0.143" /><testcase classname="tests.flatbuffer.test_parser.TestBuiltinOptionsParsing" name="test__relu_activation_gives_nonzero_fused" time="0.146" /><testcase classname="tests.ops.test_quantize_op.TestDequantizeTrainableWeights" name="test__non_trainable_weights" time="0.006" /><testcase classname="tests.ops.test_quantize_op.TestDequantizeTrainableWeights" name="test__no_trainable_weights" time="0.002" /><testcase classname="tests.ops.test_quantize_op.TestDequantizeCall" name="test__dequantize_with_zero_zero_point" time="0.002" /><testcase classname="tests.ops.test_quantize_op.TestDequantizeCall" name="test__output_shape_matches_input" time="0.002" /><testcase classname="tests.ops.test_quantize_op.TestDequantizeCall" name="test__dequantize_formula_matches_expected" time="0.002" /><testcase classname="tests.ops.test_quantize_op.TestQuantizeBuild" name="test__quantize_is_registered" time="0.000" /><testcase classname="tests.ops.test_quantize_op.TestQuantizeBuild" name="test__build_returns_keras_layer" time="0.001" /><testcase classname="tests.ops.test_quantize_op.TestQuantizeBuild" name="test__build_layer_name_contains_output_index" time="0.001" /><testcase classname="tests.ops.test_quantize_op.TestQuantizeBuild" name="test__build_raises_without_output_quantization" time="0.001" /><testcase classname="tests.ops.test_quantize_op.TestQuantizeCall" name="test__quantize_formula_matches_expected" time="0.005" /><testcase classname="tests.ops.test_quantize_op.TestQuantizeCall" name="test__output_values_in_int8_range" time="0.002" /><testcase classname="tests.ops.test_quantize_op.TestQuantizeCall" name="test__output_shape_matches_input" time="0.002" /><testcase classname="tests.ops.test_quantize_op.TestQuantizeCall" name="test__output_values_are_integers" time="0.002" /><testcase classname="tests.ops.test_quantize_op.TestDequantizeWriteOps" name="test__write_ops_zero_point_value_matches_weight" time="0.002" /><testcase classname="tests.ops.test_quantize_op.TestDequantizeWriteOps" name="test__write_ops_target_input_tensor" time="0.002" /><testcase classname="tests.ops.test_quantize_op.TestDequantizeWriteOps" name="test__write_ops_scale_value_matches_weight" time="0.002" /><testcase classname="tests.ops.test_quantize_op.TestDequantizeWriteOps" name="test__is_writable" time="0.002" /><testcase classname="tests.ops.test_quantize_op.TestDequantizeWriteOps" name="test__write_ops_counts" time="0.002" /><testcase classname="tests.ops.test_quantize_op.TestQuantizeTrainableWeights" name="test__no_non_trainable_weights" time="0.002" /><testcase classname="tests.ops.test_quantize_op.TestQuantizeTrainableWeights" name="test__trainable_weights" time="0.002" /><testcase classname="tests.ops.test_quantize_op.TestDequantizeBuild" name="test__build_raises_without_input_quantization" time="0.000" /><testcase classname="tests.ops.test_quantize_op.TestDequantizeBuild" name="test__build_layer_name_contains_output_index" time="0.001" /><testcase classname="tests.ops.test_quantize_op.TestDequantizeBuild" name="test__build_returns_keras_layer" time="0.001" /><testcase classname="tests.ops.test_quantize_op.TestDequantizeBuild" name="test__dequantize_is_registered" time="0.000" /><testcase classname="tests.ops.test_quantize_op.TestQuantizeWriteOps" name="test__write_ops_zero_point_value_matches_weight" time="0.002" /><testcase classname="tests.ops.test_quantize_op.TestQuantizeWriteOps" name="test__write_ops_target_output_tensor" time="0.003" /><testcase classname="tests.ops.test_quantize_op.TestQuantizeWriteOps" name="test__write_ops_scale_value_matches_weight" time="0.004" /><testcase classname="tests.ops.test_quantize_op.TestQuantizeWriteOps" name="test__write_ops_counts" time="0.003" /><testcase classname="tests.ops.test_quantize_op.TestQuantizeWriteOps" name="test__is_writable" time="0.003" /><testcase classname="tests.ops.test_quantize_op.TestQuantizeDequantizeRoundtrip" name="test__roundtrip_preserves_quantized_values" time="0.006" /><testcase classname="tests.test_finetuning_e2e" name="test__finetuning_smoke_test" time="0.878" /><testcase classname="tests.ops.test_dense.TestDenseCall" name="test__dense_formula_matches_expected" time="0.019" /><testcase classname="tests.ops.test_dense.TestDenseCall" name="test__output_shape_matches_expected" time="0.030" /><testcase classname="tests.ops.test_dense.TestDenseTrainableWeights" name="test__non_trainable_weights" time="0.006" /><testcase classname="tests.ops.test_dense.TestDenseTrainableWeights" name="test__trainable_weights" time="0.006" /><testcase classname="tests.ops.test_dense.TestDenseBuild" name="test__dense_is_registered" time="0.000" /><testcase classname="tests.ops.test_dense.TestDenseBuild" name="test__build_layer_name_contains_output_index" time="0.001" /><testcase classname="tests.ops.test_dense.TestDenseBuild" name="test__build_returns_keras_layer" time="0.001" /><testcase classname="tests.ops.test_dense.TestDenseBuild" name="test__build_raises_without_weights" time="0.000" /><testcase classname="tests.ops.test_dense.TestDenseWriteOps" name="test__write_ops_buffer_indices" time="0.007" /><testcase classname="tests.ops.test_dense.TestDenseWriteOps" name="test__write_ops_counts" time="0.007" /><testcase classname="tests.ops.test_dense.TestDenseWriteOps" name="test__write_ops_quant_indices" time="0.006" /><testcase classname="tests.ops.test_dense.TestDenseWriteOps" name="test__is_writable" time="0.005" /><testcase classname="tests.ops.test_dense" name="test__dense_multiple_units" time="0.230" /><testcase classname="tests.ops.test_dense" name="test__dense_no_activation" time="0.257" /><testcase classname="tests.ops.test_dense" name="test__dense_float32_io" time="0.251" /><testcase classname="tests.quantization.test_numerics" name="test__quantize_layer" time="0.011" /><testcase classname="tests.quantization.test_numerics" name="test__compute_requantize_multiplier" time="0.000" /><testcase classname="tests.quantization.test_numerics" name="test__dequantize_layer" time="0.007" /><testcase classname="tests.test_load_save_roundtrip" name="test__saved_model_loadable_by_interpreter" time="0.165" /><testcase classname="tests.test_load_save_roundtrip" name="test__load_save_identity" time="0.153" /><testcase classname="tests.networks.test_mlp" name="test__mlp_multiple_layers_batchnorm_forward" time="0.599" /><testcase classname="tests.networks.test_mlp" name="test__mlp_single_layer_forward" time="0.247" /><testcase classname="tests.networks.test_mlp" name="test__mlp_multiple_layers_with_skip_connections_forward" time="0.434" /><testcase classname="tests.networks.test_mlp" name="test__mlp_multiple_layers_forward" time="0.539" /><testcase classname="tests.flatbuffer.test_writer.TestSaveTfliteFloatIO" name="test__float_io_identity_save_matches_interpreter" time="0.171" /><testcase classname="tests.flatbuffer.test_writer.TestSaveTfliteFloatIO" name="test__float_io_identity_save_produces_valid_tflite" time="0.175" /><testcase classname="tests.flatbuffer.test_writer.TestSaveTflitePathHandling" name="test__accepts_string_path" time="0.154" /><testcase classname="tests.flatbuffer.test_writer.TestSaveTflitePathHandling" name="test__accepts_pathlib_path" time="0.161" /><testcase classname="tests.flatbuffer.test_writer.TestSaveTfliteGraphTopologyPreservation" name="test__tensor_dtypes_unchanged" time="0.170" /><testcase classname="tests.flatbuffer.test_writer.TestSaveTfliteGraphTopologyPreservation" name="test__tensor_shapes_unchanged" time="0.157" /><testcase classname="tests.flatbuffer.test_writer.TestSaveTfliteGraphTopologyPreservation" name="test__operator_count_unchanged" time="0.164" /><testcase classname="tests.flatbuffer.test_writer.TestSaveTfliteGraphTopologyPreservation" name="test__operator_types_unchanged" time="0.161" /><testcase classname="tests.flatbuffer.test_writer.TestSaveTfliteGraphTopologyPreservation" name="test__tensor_count_unchanged" time="0.156" /><testcase classname="tests.flatbuffer.test_writer.TestSaveTfliteGraphTopologyPreservation" name="test__io_indices_unchanged" time="0.178" /><testcase classname="tests.flatbuffer.test_writer.TestSaveTfliteBiasModification" name="test__modified_bias_changes_interpreter_output" time="0.201" /><testcase classname="tests.flatbuffer.test_writer.TestSaveTfliteBiasModification" name="test__modified_bias_is_written_to_flatbuffer" time="0.158" /><testcase classname="tests.flatbuffer.test_writer.TestSaveTfliteWeightPreservation" name="test__weights_preserved_on_identity_save" time="0.163" /><testcase classname="tests.flatbuffer.test_writer.TestSaveTfliteQuantizationParams" name="test__quantization_scales_preserved_on_identity_save" time="0.166" /><testcase classname="tests.flatbuffer.test_writer.TestSaveTfliteQuantizationParams" name="test__quantization_zero_points_preserved_on_identity_save" time="0.154" /><testcase classname="tests.flatbuffer.test_writer.TestSaveTfliteRoundTrip" name="test__identity_save_no_activation_matches_interpreter" time="0.156" /><testcase classname="tests.flatbuffer.test_writer.TestSaveTfliteRoundTrip" name="test__identity_save_no_bias_matches_interpreter" time="0.140" /><testcase classname="tests.flatbuffer.test_writer.TestSaveTfliteRoundTrip" name="test__identity_save_preserves_file_size" time="0.157" /><testcase classname="tests.flatbuffer.test_writer.TestSaveTfliteRoundTrip" name="test__identity_save_single_unit_matches_interpreter" time="0.165" /><testcase classname="tests.flatbuffer.test_writer.TestSaveTfliteRoundTrip" name="test__identity_save_produces_valid_tflite" time="0.158" /><testcase classname="tests.flatbuffer.test_writer.TestSaveTfliteValidation" name="test__rejects_model_without_graph_def" time="0.005" /><testcase classname="tests.flatbuffer.test_writer.TestSaveTfliteValidation" name="test__accepts_model_created_by_load_model" time="0.152" /><testcase classname="tests.flatbuffer.test_writer.TestSaveTfliteMultipleSaves" name="test__double_save_produces_identical_files" time="0.156" /><testcase classname="tests.flatbuffer.test_writer.TestSaveTfliteMultipleSaves" name="test__save_after_modification_then_save_again_are_identical" time="0.155" /></testsuite></testsuites>
